[26/06/2026 13:06] Nenhuma alteração encontrada. Nada a enviar.
[26/06/2026 13:06] Nenhuma alteração encontrada. Nada a enviar.
[main 2315b0a] auto-save: 26/06/2026 21:43
 13 files changed, 375 insertions(+), 348 deletions(-)
 create mode 100644 backups/auto-sync-error.log
 create mode 100644 backups/auto-sync.log
 create mode 100644 public/images/login/classico_drip_transparent.png
 create mode 100644 public/images/login/intenso_grao_transparent.png
 create mode 100644 public/images/login/logo_card.png
 create mode 100644 public/images/login/logo_white.png
 create mode 100644 public/images/login/solos_vulcanicos_transparent.png
 create mode 100755 scripts/auto-sync.sh
To https://github.com/ccarlos1981/coffee_mais.git
   d87ab3c..2315b0a  main -> main
[26/06/2026 21:43] ✅ Alterações enviadas com sucesso para o GitHub.
[27/06/2026 07:32] Nenhuma alteração encontrada. Nada a enviar.
[main 7b86973] auto-save: 27/06/2026 10:32
 15 files changed, 434 insertions(+), 93 deletions(-)
To https://github.com/ccarlos1981/coffee_mais.git
   a744fda..7b86973  main -> main
[27/06/2026 10:32] ✅ Alterações enviadas com sucesso para o GitHub.
[main 65d6e51] auto-save: 28/06/2026 08:35
 9 files changed, 7406 insertions(+), 132 deletions(-)
To https://github.com/ccarlos1981/coffee_mais.git
   7b86973..65d6e51  main -> main
[28/06/2026 08:35] ✅ Alterações enviadas com sucesso para o GitHub.
[main 15d5cc8] auto-save: 28/06/2026 11:52
 10 files changed, 2554 insertions(+), 9 deletions(-)
 create mode 100644 src/app/api/metas-promotor/route.ts
 create mode 100644 src/app/metas-promotor/page.tsx
 create mode 100644 src/app/promotor/desafio/page.tsx
 create mode 100644 src/lib/metasPromotorTheme.ts
To https://github.com/ccarlos1981/coffee_mais.git
   65d6e51..15d5cc8  main -> main
[28/06/2026 11:52] ✅ Alterações enviadas com sucesso para o GitHub.
[main 696ec40] auto-save: 28/06/2026 14:52
 1 file changed, 9 insertions(+)
To https://github.com/ccarlos1981/coffee_mais.git
   15d5cc8..696ec40  main -> main
[28/06/2026 14:52] ✅ Alterações enviadas com sucesso para o GitHub.
[main e0eb049] auto-save: 29/06/2026 06:18
 17 files changed, 1563 insertions(+), 498 deletions(-)
 create mode 100644 public/images/treinamento/fluxograma_aprovacao.png
 create mode 100644 public/images/treinamento/infografico_recuperacao.png
 create mode 100644 public/images/treinamento/infografico_regra_bonus.png
 create mode 100644 src/app/api/promotor/desafio/route.ts
 create mode 100644 src/app/api/remuneracao-promotor/route.ts
 create mode 100644 src/app/gente-gestao/remuneracao-promotor/page.tsx
 create mode 100644 src/app/treinamento/manuais/manual_remuneracao_promotor.md
 create mode 100644 src/app/treinamento/manuais/manual_remuneracao_rh.md
 create mode 100644 src/app/treinamento/manuais/manual_remuneracao_supervisor.md
 create mode 100644 src/lib/engines/challenge-engine.ts
To https://github.com/ccarlos1981/coffee_mais.git
   696ec40..e0eb049  main -> main
[29/06/2026 06:18] ✅ Alterações enviadas com sucesso para o GitHub.
[main 3863f92] auto-save: 29/06/2026 09:18
 16 files changed, 11077 insertions(+), 4 deletions(-)
 create mode 100644 public/pdf.min.js
 create mode 100644 public/pdf.worker.min.js
 create mode 100644 public/uploads/processos/instrucao_viagem_corporativa.pdf
 create mode 100644 src/app/api/processos/[id]/leitura/route.ts
 create mode 100644 src/app/api/processos/[id]/route.ts
 create mode 100644 src/app/api/processos/import/route.ts
 create mode 100644 src/app/api/processos/pendencias/route.ts
 create mode 100644 src/app/api/processos/route.ts
 create mode 100644 src/app/processos/[id]/page.tsx
 create mode 100644 src/app/processos/page.tsx
 create mode 100644 src/components/PdfViewer.tsx
To https://github.com/ccarlos1981/coffee_mais.git
   e0eb049..3863f92  main -> main
[29/06/2026 09:18] ✅ Alterações enviadas com sucesso para o GitHub.
[main acaf915] auto-save: 29/06/2026 12:33
 7 files changed, 322 insertions(+), 163 deletions(-)
To https://github.com/ccarlos1981/coffee_mais.git
   3863f92..acaf915  main -> main
[29/06/2026 12:33] ✅ Alterações enviadas com sucesso para o GitHub.
[main 5baadcb] auto-save: 29/06/2026 17:07
 1 file changed, 5 insertions(+)
To https://github.com/ccarlos1981/coffee_mais.git
   acaf915..5baadcb  main -> main
[29/06/2026 17:07] ✅ Alterações enviadas com sucesso para o GitHub.
[main aab7d2e] auto-save: 29/06/2026 20:07
 6 files changed, 198 insertions(+), 19 deletions(-)
To https://github.com/ccarlos1981/coffee_mais.git
   5baadcb..aab7d2e  main -> main
[29/06/2026 20:07] ✅ Alterações enviadas com sucesso para o GitHub.
[main 02c138c] auto-save: 30/06/2026 00:21
 4 files changed, 270 insertions(+), 63 deletions(-)
To https://github.com/ccarlos1981/coffee_mais.git
   aab7d2e..02c138c  main -> main
[30/06/2026 00:21] ✅ Alterações enviadas com sucesso para o GitHub.
[main 909b66b] auto-save: 30/06/2026 05:04
 11 files changed, 7639 insertions(+), 70 deletions(-)
 create mode 100644 sql/add_sem_boleto_to_investimento.sql
To https://github.com/ccarlos1981/coffee_mais.git
   02c138c..909b66b  main -> main
[30/06/2026 05:04] ✅ Alterações enviadas com sucesso para o GitHub.
[main 5f131be] auto-save: 30/06/2026 15:36
 17 files changed, 1754 insertions(+), 18 deletions(-)
 create mode 100644 sql/migration_bigquery_sync.sql
 create mode 100644 src/app/api/bigquery/sync-faturamento/route.ts
 create mode 100644 src/app/api/cron/sync-bigquery/route.ts
 create mode 100644 src/components/SyncStatusWidget.tsx
 create mode 100644 src/lib/bigquery.ts
fatal: unable to access 'https://github.com/ccarlos1981/coffee_mais.git/': Could not resolve host: github.com
[30/06/2026 15:36] ❌ Erro ao enviar para o GitHub. Verifique a conexão.
[main affde6b] auto-save: 30/06/2026 18:40
 2 files changed, 369 insertions(+)
To https://github.com/ccarlos1981/coffee_mais.git
   909b66b..affde6b  main -> main
[30/06/2026 18:40] ✅ Alterações enviadas com sucesso para o GitHub.
[main cac621f] auto-save: 01/07/2026 00:21
 9 files changed, 273 insertions(+), 47 deletions(-)
To https://github.com/ccarlos1981/coffee_mais.git
   affde6b..cac621f  main -> main
[01/07/2026 00:21] ✅ Alterações enviadas com sucesso para o GitHub.
[main a66bb5a] auto-save: 01/07/2026 08:27
 8 files changed, 7335 insertions(+), 34 deletions(-)
To https://github.com/ccarlos1981/coffee_mais.git
   cac621f..a66bb5a  main -> main
[01/07/2026 08:27] ✅ Alterações enviadas com sucesso para o GitHub.
[01/07/2026 11:41] Nenhuma alteração encontrada. Nada a enviar.
[01/07/2026 17:01] Nenhuma alteração encontrada. Nada a enviar.
[main 83a878f] auto-save: 02/07/2026 08:23
 12 files changed, 9207 insertions(+), 1 deletion(-)
 create mode 100644 src/app/dre/historico/constants.ts
 create mode 100644 src/app/dre/historico/lancar/ExcelParser.tsx
 create mode 100644 src/app/dre/historico/lancar/LancarDREForm.tsx
 create mode 100644 src/app/dre/historico/lancar/actions.ts
 create mode 100644 src/app/dre/historico/lancar/page.tsx
 create mode 100644 src/app/dre/historico/page.tsx
To https://github.com/ccarlos1981/coffee_mais.git
   0f14df0..83a878f  main -> main
[02/07/2026 08:23] ✅ Alterações enviadas com sucesso para o GitHub.
[02/07/2026 11:23] Nenhuma alteração encontrada. Nada a enviar.
[02/07/2026 16:32] Nenhuma alteração encontrada. Nada a enviar.
[main 151a869] auto-save: 03/07/2026 05:15
 11 files changed, 9014 insertions(+), 719 deletions(-)
 create mode 100644 src/app/dre/consolidado/page.tsx
 create mode 100644 src/app/dre/historico/auditoria/page.tsx
 create mode 100644 src/app/dre/rede/page.tsx
To https://github.com/ccarlos1981/coffee_mais.git
   3b388a5..151a869  main -> main
[03/07/2026 05:15] ✅ Alterações enviadas com sucesso para o GitHub.
[main f9f8e72] auto-save: 03/07/2026 11:48
 12 files changed, 1536 insertions(+), 37 deletions(-)
 create mode 100644 src/app/api/gente-gestao/ferias/route.ts
 create mode 100644 src/app/gente-gestao/ferias/FeriasCalendar.tsx
 create mode 100644 src/app/gente-gestao/ferias/page.tsx
 create mode 100644 supabase/migrations/20260703_create_ferias.sql
fatal: unable to access 'https://github.com/ccarlos1981/coffee_mais.git/': Could not resolve host: github.com
[03/07/2026 11:48] ❌ Erro ao enviar para o GitHub. Verifique a conexão.
[03/07/2026 22:21] Nenhuma alteração encontrada. Nada a enviar.
[main e974fb4] auto-save: 04/07/2026 01:36
 2 files changed, 19 insertions(+)
 create mode 100644 scratch/query_latest_logs.js
To https://github.com/ccarlos1981/coffee_mais.git
   98b1bd9..e974fb4  main -> main
[04/07/2026 01:36] ✅ Alterações enviadas com sucesso para o GitHub.
[main 6731271] auto-save: 04/07/2026 04:36
 2 files changed, 7361 insertions(+)
To https://github.com/ccarlos1981/coffee_mais.git
   e974fb4..6731271  main -> main
[04/07/2026 04:36] ✅ Alterações enviadas com sucesso para o GitHub.
[main 05a40c4] auto-save: 04/07/2026 07:36
 1 file changed, 5 insertions(+)
To https://github.com/ccarlos1981/coffee_mais.git
   6731271..05a40c4  main -> main
[04/07/2026 07:36] ✅ Alterações enviadas com sucesso para o GitHub.
[main bb309bf] auto-save: 04/07/2026 18:16
 4 files changed, 121 insertions(+)
 create mode 100644 scratch/check_rls.js
 create mode 100644 scratch/inspect_users.js
 create mode 100644 scratch/test_admin_insert.js
To https://github.com/ccarlos1981/coffee_mais.git
   bd563c9..bb309bf  main -> main
[04/07/2026 18:16] ✅ Alterações enviadas com sucesso para o GitHub.
[main 0f7f4e2] auto-save: 04/07/2026 21:16
 1 file changed, 8 insertions(+)
To https://github.com/ccarlos1981/coffee_mais.git
   bb309bf..0f7f4e2  main -> main
[04/07/2026 21:16] ✅ Alterações enviadas com sucesso para o GitHub.
[main 5133ee0] auto-save: 05/07/2026 08:16
 3 files changed, 7686 insertions(+)
To https://github.com/ccarlos1981/coffee_mais.git
   0f7f4e2..5133ee0  main -> main
[05/07/2026 08:16] ✅ Alterações enviadas com sucesso para o GitHub.
[main 0512058] auto-save: 05/07/2026 11:25
 1 file changed, 5 insertions(+)
To https://github.com/ccarlos1981/coffee_mais.git
   5133ee0..0512058  main -> main
[05/07/2026 11:25] ✅ Alterações enviadas com sucesso para o GitHub.
[main 0ebe90d] auto-save: 05/07/2026 16:26
 1 file changed, 5 insertions(+)
To https://github.com/ccarlos1981/coffee_mais.git
   0512058..0ebe90d  main -> main
[05/07/2026 16:26] ✅ Alterações enviadas com sucesso para o GitHub.
[main 1888e75] auto-save: 05/07/2026 19:27
 1 file changed, 5 insertions(+)
To https://github.com/ccarlos1981/coffee_mais.git
   0ebe90d..1888e75  main -> main
[05/07/2026 19:27] ✅ Alterações enviadas com sucesso para o GitHub.
[main 39eb431] auto-save: 06/07/2026 00:08
 1 file changed, 5 insertions(+)
To https://github.com/ccarlos1981/coffee_mais.git
   1888e75..39eb431  main -> main
[06/07/2026 00:08] ✅ Alterações enviadas com sucesso para o GitHub.
[main 5ca344e] auto-save: 06/07/2026 03:39
 2 files changed, 7778 insertions(+)
To https://github.com/ccarlos1981/coffee_mais.git
   39eb431..5ca344e  main -> main
[06/07/2026 03:39] ✅ Alterações enviadas com sucesso para o GitHub.
[main 675f358] auto-save: 06/07/2026 06:40
 1 file changed, 5 insertions(+)
To https://github.com/ccarlos1981/coffee_mais.git
   5ca344e..675f358  main -> main
[06/07/2026 06:40] ✅ Alterações enviadas com sucesso para o GitHub.
[main b7f111f] auto-save: 06/07/2026 09:40
 1 file changed, 5 insertions(+)
To https://github.com/ccarlos1981/coffee_mais.git
   dff7c86..b7f111f  main -> main
[06/07/2026 09:40] ✅ Alterações enviadas com sucesso para o GitHub.
[main 58cbc44] auto-save: 06/07/2026 12:41
 2 files changed, 51 insertions(+), 17 deletions(-)
To https://github.com/ccarlos1981/coffee_mais.git
   9d806a3..58cbc44  main -> main
[06/07/2026 12:41] ✅ Alterações enviadas com sucesso para o GitHub.
[main 2a11f88] auto-save: 06/07/2026 15:58
 7 files changed, 371 insertions(+), 21 deletions(-)
 create mode 100644 scratch/monitor_faturamento_imports.js
 create mode 100644 scratch/poll_faturamento_imports.js
 create mode 100644 scripts/test_import_regression.js
To https://github.com/ccarlos1981/coffee_mais.git
   d144895..2a11f88  main -> main
[06/07/2026 15:58] ✅ Alterações enviadas com sucesso para o GitHub.
[main fdf8514] auto-save: 06/07/2026 21:55
 1 file changed, 8 insertions(+)
To https://github.com/ccarlos1981/coffee_mais.git
   2a11f88..fdf8514  main -> main
[06/07/2026 21:55] ✅ Alterações enviadas com sucesso para o GitHub.
[main 43f1682] auto-save: 07/07/2026 03:26
 2 files changed, 7835 insertions(+)
To https://github.com/ccarlos1981/coffee_mais.git
   fdf8514..43f1682  main -> main
[07/07/2026 03:26] ✅ Alterações enviadas com sucesso para o GitHub.
[main 0a45113] auto-save: 07/07/2026 10:27
 3 files changed, 12 insertions(+), 8 deletions(-)
fatal: unable to access 'https://github.com/ccarlos1981/coffee_mais.git/': Could not resolve host: github.com
[07/07/2026 10:27] ❌ Erro ao enviar para o GitHub. Verifique a conexão.
[main edbcdda] auto-save: 07/07/2026 22:49
 1 file changed, 4 insertions(+)
To https://github.com/ccarlos1981/coffee_mais.git
   4363a65..edbcdda  main -> main
[07/07/2026 22:49] ✅ Alterações enviadas com sucesso para o GitHub.
[main 9b33d62] auto-save: 08/07/2026 11:41
 12 files changed, 9292 insertions(+), 17 deletions(-)
 create mode 100644 docs/PESQUISA_LIGHT.md
 create mode 100644 scratch/find_tables.js
 create mode 100644 src/app/api/audit-network/route.ts
 create mode 100644 src/app/promotor/pesquisa-light/actions.ts
 create mode 100644 src/app/promotor/pesquisa-light/page.tsx
 create mode 100644 supabase/migrations/20260708_create_pesquisa_light.sql
To https://github.com/ccarlos1981/coffee_mais.git
   edbcdda..9b33d62  main -> main
[08/07/2026 11:41] ✅ Alterações enviadas com sucesso para o GitHub.
[main bfb1fb4] auto-save: 08/07/2026 16:36
 4 files changed, 516 insertions(+), 55 deletions(-)
 create mode 100644 supabase/migrations/20260708_migrate_checklists_to_family.sql
To https://github.com/ccarlos1981/coffee_mais.git
   84f8804..bfb1fb4  main -> main
[08/07/2026 16:36] ✅ Alterações enviadas com sucesso para o GitHub.
[main 1bb9a86] auto-save: 08/07/2026 22:25
 2 files changed, 151 insertions(+)
 create mode 100644 supabase/migrations/20260710_sprint1_schema_base.sql
To https://github.com/ccarlos1981/coffee_mais.git
   bfb1fb4..1bb9a86  main -> main
[08/07/2026 22:25] ✅ Alterações enviadas com sucesso para o GitHub.
[main 330407e] auto-save: 09/07/2026 01:40
 6 files changed, 1519 insertions(+), 832 deletions(-)
 create mode 100644 supabase/migrations/20260710_sprint3_dml_migration.sql
 create mode 100644 supabase/migrations/20260710_sprint4_backend.sql
 create mode 100644 supabase/migrations/20260710_sprint6_decommissioning.sql
fatal: unable to access 'https://github.com/ccarlos1981/coffee_mais.git/': Could not resolve host: github.com
[09/07/2026 01:40] ❌ Erro ao enviar para o GitHub. Verifique a conexão.
[main bfbe677] auto-save: 09/07/2026 04:40
 3 files changed, 7763 insertions(+)
fatal: unable to access 'https://github.com/ccarlos1981/coffee_mais.git/': Could not resolve host: github.com
[09/07/2026 04:40] ❌ Erro ao enviar para o GitHub. Verifique a conexão.
[main aa81e1e] auto-save: 09/07/2026 10:05
 3 files changed, 12 insertions(+), 8 deletions(-)
To https://github.com/ccarlos1981/coffee_mais.git
   df06add..aa81e1e  main -> main
[09/07/2026 10:05] ✅ Alterações enviadas com sucesso para o GitHub.
[main 1c25c52] auto-save: 09/07/2026 14:24
 4 files changed, 14 insertions(+), 13 deletions(-)
fatal: unable to access 'https://github.com/ccarlos1981/coffee_mais.git/': Could not resolve host: github.com
[09/07/2026 14:24] ❌ Erro ao enviar para o GitHub. Verifique a conexão.
[main b02b8b3] auto-save: 09/07/2026 20:16
 6 files changed, 282 insertions(+), 39 deletions(-)
 create mode 100644 supabase/migrations/20260709_fix_zaffari_matrix_duplicates.sql
To https://github.com/ccarlos1981/coffee_mais.git
   e64b13d..b02b8b3  main -> main
[09/07/2026 20:16] ✅ Alterações enviadas com sucesso para o GitHub.
[main d5ae68d] auto-save: 10/07/2026 00:24
 3 files changed, 444 insertions(+), 1 deletion(-)
 create mode 100644 src/app/admin/usuarios/EditUserModal.tsx
To https://github.com/ccarlos1981/coffee_mais.git
   57cd304..d5ae68d  main -> main
[10/07/2026 00:24] ✅ Alterações enviadas com sucesso para o GitHub.
[main 26bce5b] auto-save: 10/07/2026 07:46
 5 files changed, 7937 insertions(+), 104 deletions(-)
fatal: unable to access 'https://github.com/ccarlos1981/coffee_mais.git/': Could not resolve host: github.com
[10/07/2026 07:46] ❌ Erro ao enviar para o GitHub. Verifique a conexão.
[main 927a707] auto-save: 10/07/2026 11:54
 5 files changed, 383 insertions(+), 9 deletions(-)
 create mode 100644 src/app/investimento/divergencia-constants.ts
 create mode 100644 supabase/migrations/20260710_divergencia_calendario_trade.sql
To https://github.com/ccarlos1981/coffee_mais.git
   d5ae68d..927a707  main -> main
[10/07/2026 11:54] ✅ Alterações enviadas com sucesso para o GitHub.
[main 23b9200] auto-save: 10/07/2026 14:54
 1 file changed, 9 insertions(+), 11 deletions(-)
To https://github.com/ccarlos1981/coffee_mais.git
   1c3d79e..23b9200  main -> main
[10/07/2026 14:54] ✅ Alterações enviadas com sucesso para o GitHub.
[10/07/2026 17:57] Nenhuma alteração encontrada. Nada a enviar.
[main 67d0162] auto-save: 10/07/2026 21:44
 1 file changed, 1 insertion(+)
To https://github.com/ccarlos1981/coffee_mais.git
   e13f736..67d0162  main -> main
[10/07/2026 21:44] ✅ Alterações enviadas com sucesso para o GitHub.
[main b064079] auto-save: 11/07/2026 00:44
 1 file changed, 5 insertions(+)
To https://github.com/ccarlos1981/coffee_mais.git
   67d0162..b064079  main -> main
[11/07/2026 00:44] ✅ Alterações enviadas com sucesso para o GitHub.
[main efd97fd] auto-save: 11/07/2026 03:44
 2 files changed, 8304 insertions(+)
To https://github.com/ccarlos1981/coffee_mais.git
   b064079..efd97fd  main -> main
[11/07/2026 03:44] ✅ Alterações enviadas com sucesso para o GitHub.
[main 908f1df] auto-save: 11/07/2026 06:45
 1 file changed, 5 insertions(+)
To https://github.com/ccarlos1981/coffee_mais.git
   efd97fd..908f1df  main -> main
[11/07/2026 06:45] ✅ Alterações enviadas com sucesso para o GitHub.
[main 04dc64c] auto-save: 11/07/2026 09:45
 1 file changed, 5 insertions(+)
To https://github.com/ccarlos1981/coffee_mais.git
   908f1df..04dc64c  main -> main
[11/07/2026 09:45] ✅ Alterações enviadas com sucesso para o GitHub.
[main 821835f] auto-save: 11/07/2026 17:51
 1 file changed, 5 insertions(+)
To https://github.com/ccarlos1981/coffee_mais.git
   04dc64c..821835f  main -> main
[11/07/2026 17:51] ✅ Alterações enviadas com sucesso para o GitHub.
[main 1b2cf24] auto-save: 11/07/2026 22:19
 1 file changed, 5 insertions(+)
To https://github.com/ccarlos1981/coffee_mais.git
   821835f..1b2cf24  main -> main
[11/07/2026 22:19] ✅ Alterações enviadas com sucesso para o GitHub.
[main d0ee52e] auto-save: 12/07/2026 09:16
 2 files changed, 8304 insertions(+)
To https://github.com/ccarlos1981/coffee_mais.git
   1b2cf24..d0ee52e  main -> main
[12/07/2026 09:16] ✅ Alterações enviadas com sucesso para o GitHub.
[main 5bc3b54] auto-save: 12/07/2026 12:16
 1 file changed, 5 insertions(+)
To https://github.com/ccarlos1981/coffee_mais.git
   d0ee52e..5bc3b54  main -> main
[12/07/2026 12:16] ✅ Alterações enviadas com sucesso para o GitHub.
[main 6d75a12] auto-save: 12/07/2026 19:53
 1 file changed, 5 insertions(+)
To https://github.com/ccarlos1981/coffee_mais.git
   5bc3b54..6d75a12  main -> main
[12/07/2026 19:53] ✅ Alterações enviadas com sucesso para o GitHub.
[main c6f5f9c] auto-save: 12/07/2026 22:53
 28 files changed, 512 insertions(+), 310 deletions(-)
 create mode 100644 scratch/test_hardening_v2.ts
 create mode 100644 src/lib/supabase/auth-helpers.ts
To https://github.com/ccarlos1981/coffee_mais.git
   6d75a12..c6f5f9c  main -> main
[12/07/2026 22:53] ✅ Alterações enviadas com sucesso para o GitHub.
[main d283c5e] auto-save: 12/07/2026 22:56
 3 files changed, 107 insertions(+)
 create mode 100644 scratch/test_hardening_v2_2a.ts
To https://github.com/ccarlos1981/coffee_mais.git
   c6f5f9c..d283c5e  main -> main
[12/07/2026 22:56] ✅ Alterações enviadas com sucesso para o GitHub.
[main eafe102] auto-save: 13/07/2026 08:10
 1 file changed, 6 insertions(+)
fatal: unable to access 'https://github.com/ccarlos1981/coffee_mais.git/': Could not resolve host: github.com
[13/07/2026 08:10] ❌ Erro ao enviar para o GitHub. Verifique a conexão.
[main 6850d21] auto-save: 13/07/2026 13:44
 5 files changed, 323 insertions(+), 1 deletion(-)
 create mode 100644 scratch/audit_views.js
 create mode 100644 src/app/api/cron/rps-alert/route.ts
To https://github.com/ccarlos1981/coffee_mais.git
   9cb31c4..6850d21  main -> main
[13/07/2026 13:44] ✅ Alterações enviadas com sucesso para o GitHub.
[main c944c5a] auto-save: 13/07/2026 16:44
 15 files changed, 1889 insertions(+), 238 deletions(-)
 create mode 100644 src/app/actions/favorites.ts
 create mode 100644 src/app/config-financeiro/multiestado/actions.ts
 create mode 100644 src/app/config-financeiro/multiestado/page.tsx
 create mode 100644 src/components/DashboardClient.tsx
 create mode 100644 src/config/modules.ts
 create mode 100644 supabase/migrations/20260713_add_display_order_to_favorites.sql
 create mode 100644 supabase/migrations/20260713_base_atendimento_regional.sql
 create mode 100644 supabase/migrations/20260713_base_atendimento_regional_hardening.sql
 create mode 100644 supabase/migrations/20260713_create_user_favorites.sql
To https://github.com/ccarlos1981/coffee_mais.git
   bb9ee37..c944c5a  main -> main
[13/07/2026 16:44] ✅ Alterações enviadas com sucesso para o GitHub.
[main 94625d8] auto-save: 13/07/2026 19:44
 4 files changed, 215 insertions(+), 1 deletion(-)
 create mode 100644 scratch/check_execute_readonly_query.js
 create mode 100644 scratch/test_rps_api_get.js
To https://github.com/ccarlos1981/coffee_mais.git
   1ef804f..94625d8  main -> main
[13/07/2026 19:44] ✅ Alterações enviadas com sucesso para o GitHub.
[main 68d6211] auto-save: 14/07/2026 07:59
 8 files changed, 8681 insertions(+), 56 deletions(-)
 create mode 100644 src/lib/investimento/getValorTotal.ts
 create mode 100644 supabase/migrations/20260713_enforce_campaign_manager_ownership.sql
 create mode 100644 supabase/migrations/20260714_correct_fort_campaign_manager_ownership.sql
To https://github.com/ccarlos1981/coffee_mais.git
   94625d8..68d6211  main -> main
[14/07/2026 07:59] ✅ Alterações enviadas com sucesso para o GitHub.
[main c7cb105] auto-save: 14/07/2026 10:59
 9 files changed, 1472 insertions(+), 70 deletions(-)
 create mode 100644 supabase/migrations/20260714_create_vw_faturamento_comercial_oficial.sql
 create mode 100644 supabase/migrations/20260714_fase2_5_fix_double_write_nulls.sql
 create mode 100644 supabase/migrations/20260714_fase2_introduce_employee_code.sql
 create mode 100644 supabase/migrations/20260714_fase3_wave1_views_rpc.sql
To https://github.com/ccarlos1981/coffee_mais.git
   68d6211..c7cb105  main -> main
[14/07/2026 10:59] ✅ Alterações enviadas com sucesso para o GitHub.
[main f055381] auto-save: 14/07/2026 18:44
 5 files changed, 93 insertions(+), 10 deletions(-)
To https://github.com/ccarlos1981/coffee_mais.git
   c7cb105..f055381  main -> main
[14/07/2026 18:44] ✅ Alterações enviadas com sucesso para o GitHub.
[main 3969cda] auto-save: 14/07/2026 20:44
 1 file changed, 5 insertions(+)
To https://github.com/ccarlos1981/coffee_mais.git
   f055381..3969cda  main -> main
[14/07/2026 20:44] ✅ Alterações enviadas com sucesso para o GitHub.
[main cee6191] auto-save: 14/07/2026 21:03
 1 file changed, 5 insertions(+)
To https://github.com/ccarlos1981/coffee_mais.git
   3969cda..cee6191  main -> main
[14/07/2026 21:03] ✅ Alterações enviadas com sucesso para o GitHub.
[15/07/2026 10:41] Nenhuma alteração encontrada. Nada a enviar.
[main bb26f56] auto-save: 16/07/2026 21:00
 10 files changed, 9023 insertions(+), 14 deletions(-)
 create mode 100644 src/app/api/admin/process-mv-queue/route.ts
 create mode 100644 supabase/migrations/20260716_instrument_importation_rpc.sql
 create mode 100644 supabase/migrations/20260716_rca_mv_async_refresh.sql
fatal: unable to access 'https://github.com/ccarlos1981/coffee_mais.git/': Could not resolve host: github.com
[16/07/2026 21:00] ❌ Erro ao enviar para o GitHub. Verifique a conexão.
[main e74ac31] auto-save: 17/07/2026 08:25
 4 files changed, 8264 insertions(+), 12 deletions(-)
fatal: unable to access 'https://github.com/ccarlos1981/coffee_mais.git/': Could not resolve host: github.com
[17/07/2026 08:25] ❌ Erro ao enviar para o GitHub. Verifique a conexão.
[main 4d53a72] auto-save: 17/07/2026 17:17
 4 files changed, 134 insertions(+), 65 deletions(-)
 create mode 100644 supabase/migrations/20260717_clientes_faturamento_promocao_realtime.sql
fatal: unable to access 'https://github.com/ccarlos1981/coffee_mais.git/': Could not resolve host: github.com
[17/07/2026 17:17] ❌ Erro ao enviar para o GitHub. Verifique a conexão.
[main b5daa11] auto-save: 18/07/2026 09:08
 18 files changed, 9532 insertions(+), 134 deletions(-)
 create mode 100644 scratch/check_db_state.js
 create mode 100644 scratch/search_all.py
 create mode 100644 scratch/search_all_results.txt
 create mode 100644 scratch/search_supabase.py
 create mode 100644 scratch/test_base_update.js
 create mode 100644 scratch/test_client_update.js
 create mode 100644 scratch/test_pdv_post.js
 create mode 100644 scratch/test_pdv_put.js
 create mode 100644 supabase/migrations/20260717_clientes_listagem_paginada.sql
 create mode 100644 supabase/migrations/20260718_dashboard_ownership_auto_propagation.sql
 create mode 100644 supabase/migrations/20260718_fix_async_refresh_queue.sql
 create mode 100644 supabase/migrations/20260718_fix_pdv_transfer_trigger_loop.sql
To https://github.com/ccarlos1981/coffee_mais.git
   05e4c48..b5daa11  main -> main
[18/07/2026 09:08] ✅ Alterações enviadas com sucesso para o GitHub.
[main 867f7ef] auto-save: 18/07/2026 19:34
 2 files changed, 74 insertions(+), 120 deletions(-)
To https://github.com/ccarlos1981/coffee_mais.git
   b5daa11..867f7ef  main -> main
[18/07/2026 19:34] ✅ Alterações enviadas com sucesso para o GitHub.
[main a46c33a] auto-save: 19/07/2026 08:34
 70 files changed, 9044 insertions(+), 5543 deletions(-)
 create mode 100644 CHANGELOG.md
 delete mode 100644 scratch/apply_migration.js
 delete mode 100644 scratch/audit_views.js
 delete mode 100644 scratch/check_1kg_products.js
 delete mode 100644 scratch/check_api.js
 delete mode 100644 scratch/check_db_env.js
 delete mode 100644 scratch/check_db_state.js
 delete mode 100644 scratch/check_execute_readonly_query.js
 delete mode 100644 scratch/check_id_matching.js
 delete mode 100644 scratch/check_latest_imports.js
 delete mode 100644 scratch/check_recent_uploads.js
 delete mode 100644 scratch/check_rls.js
 delete mode 100644 scratch/check_table_exists.js
 delete mode 100644 scratch/debug_setup.js
 delete mode 100644 scratch/find_tables.js
 delete mode 100644 scratch/inspect_all_tops.js
 delete mode 100644 scratch/inspect_b2b_sales.js
 delete mode 100644 scratch/inspect_digital_top.js
 delete mode 100644 scratch/inspect_ecommerce.js
 delete mode 100644 scratch/inspect_inside_sales.js
 delete mode 100644 scratch/inspect_marketplace.js
 delete mode 100644 scratch/inspect_meli.js
 delete mode 100644 scratch/inspect_users.js
 delete mode 100644 scratch/list_all_tables.js
 delete mode 100644 scratch/monitor_faturamento_imports.js
 delete mode 100644 scratch/poll_faturamento_imports.js
 delete mode 100644 scratch/query_filters.js
 delete mode 100644 scratch/query_latest_logs.js
 delete mode 100644 scratch/query_meta_network_schema.js
 delete mode 100644 scratch/query_metas_schema.js
 delete mode 100644 scratch/query_products_map.js
 delete mode 100644 scratch/query_products_schema.js
 delete mode 100644 scratch/query_sales_schema.js
 delete mode 100644 scratch/reset_user.js
 delete mode 100644 scratch/search_all.py
 delete mode 100644 scratch/search_all_results.txt
 delete mode 100644 scratch/search_supabase.py
 delete mode 100644 scratch/simulate_valid_top.js
 delete mode 100644 scratch/stress_test.ts
 delete mode 100644 scratch/test_admin_insert.js
 delete mode 100644 scratch/test_ai_governance.js
 delete mode 100644 scratch/test_ai_learning.js
 delete mode 100644 scratch/test_ai_shelf.js
 delete mode 100644 scratch/test_base_update.js
 delete mode 100644 scratch/test_client_update.js
 delete mode 100644 scratch/test_endpoints.js
 delete mode 100644 scratch/test_execute_sql_rpc.js
 delete mode 100644 scratch/test_hardening_v2.ts
 delete mode 100644 scratch/test_hardening_v2_2a.ts
 delete mode 100644 scratch/test_june_faturamento.js
 delete mode 100644 scratch/test_kpi_engine.js
 delete mode 100644 scratch/test_order_engine.js
 delete mode 100644 scratch/test_pdv_post.js
 delete mode 100644 scratch/test_pdv_put.js
 delete mode 100644 scratch/test_prescriptive_ai.js
 delete mode 100644 scratch/test_price_ocr.js
 delete mode 100644 scratch/test_route_intelligence.js
 delete mode 100644 scratch/test_rps_api_get.js
 delete mode 100644 scratch/test_sellout.js
 delete mode 100644 scratch/top_inside_sales.js
 create mode 100644 supabase/migrations/20260719_batch_import_engine_functions.sql
 create mode 100644 supabase/migrations/20260719_optimize_dashboard_filters_and_import_triggers.sql
 create mode 100644 supabase/migrations/20260719_prevent_manager_fallback_overwrite.sql
To https://github.com/ccarlos1981/coffee_mais.git
   867f7ef..a46c33a  main -> main
[19/07/2026 08:34] ✅ Alterações enviadas com sucesso para o GitHub.
[main 13d0df6] auto-save: 19/07/2026 16:34
 22 files changed, 1866 insertions(+)
 create mode 100644 src/app/admin/qualidade/components/GovernanceSettingsPanel.tsx
 create mode 100644 src/app/admin/qualidade/components/QualityAlertsTable.tsx
 create mode 100644 src/app/admin/qualidade/components/QualityHeader.tsx
 create mode 100644 src/app/admin/qualidade/components/QualityKpiCards.tsx
 create mode 100644 src/app/admin/qualidade/components/QualityTrendChart.tsx
 create mode 100644 src/app/admin/qualidade/hooks.ts
 create mode 100644 src/app/admin/qualidade/page.tsx
 create mode 100644 src/app/api/governance/quality/inconsistencies/route.ts
 create mode 100644 src/app/api/governance/quality/metrics/route.ts
 create mode 100644 src/app/api/governance/settings/route.ts
 create mode 100644 src/lib/governance/auth.ts
 create mode 100644 src/lib/governance/constants.ts
 create mode 100644 src/lib/governance/governance.ts
 create mode 100644 src/lib/governance/logging.ts
 create mode 100644 src/lib/governance/response.ts
 create mode 100644 src/lib/governance/validation.ts
 create mode 100644 supabase/migrations/20260719161607_fase3_sprint3.1_infra.sql
 create mode 100644 supabase/migrations/20260719162039_fase3_sprint3.2_auditoria.sql
 create mode 100644 supabase/migrations/20260719_centralize_ownership_logic.sql
 create mode 100644 supabase/migrations/20260719_fase2_lote06_revisao_manager_uf_mapping.sql
To https://github.com/ccarlos1981/coffee_mais.git
   a46c33a..13d0df6  main -> main
[19/07/2026 16:34] ✅ Alterações enviadas com sucesso para o GitHub.
[main efd2ef8] auto-save: 19/07/2026 19:48
 30 files changed, 5176 insertions(+), 17 deletions(-)
 create mode 100644 src/app/admin/auditoria/page.tsx
 create mode 100644 src/app/admin/cadastro-mestre/components/RedesManager.tsx
 create mode 100644 src/app/admin/cadastro-mestre/components/RegionalManager.tsx
 create mode 100644 src/app/admin/cadastro-mestre/components/TerritoryManager.tsx
 create mode 100644 src/app/admin/cadastro-mestre/components/TransferFilialDialog.tsx
 create mode 100644 src/app/admin/cadastro-mestre/components/UnifiedSearch.tsx
 create mode 100644 src/app/admin/cadastro-mestre/hooks.tsx
 create mode 100644 src/app/admin/cadastro-mestre/page.tsx
 create mode 100644 src/app/admin/qualidade/components/QualityApprovalQueue.tsx
 create mode 100644 src/app/admin/qualidade/components/QualityRequestsList.tsx
 rename src/app/admin/qualidade/{hooks.ts => hooks.tsx} (59%)
 create mode 100644 src/app/api/governance/master/conciliar/justificar/route.ts
 create mode 100644 src/app/api/governance/master/conciliar/route.ts
 create mode 100644 src/app/api/governance/master/redes/route.ts
 create mode 100644 src/app/api/governance/master/regional/route.ts
 create mode 100644 src/app/api/governance/master/territory/route.ts
 create mode 100644 src/app/api/governance/requests/[id]/route.ts
 create mode 100644 src/app/api/governance/requests/[id]/transition/route.ts
 create mode 100644 src/app/api/governance/requests/route.ts
 create mode 100644 src/lib/governance/fase6/alerts.ts
 create mode 100644 src/lib/governance/fase6/audit.ts
 create mode 100644 src/lib/governance/fase6/cache.ts
 create mode 100644 src/lib/governance/fase6/conciliation.ts
 create mode 100644 src/lib/governance/fase6/orchestrator.ts
 create mode 100644 supabase/migrations/20260719163617_fase4_sprint4.1_workflow.sql
 create mode 100644 supabase/migrations/20260719163812_fase4_sprint4.2_saneamento_lote05b.sql
To https://github.com/ccarlos1981/coffee_mais.git
   13d0df6..efd2ef8  main -> main
[19/07/2026 19:48] ✅ Alterações enviadas com sucesso para o GitHub.
[main a2450d8] auto-save: 20/07/2026 02:02
 20 files changed, 2218 insertions(+), 92 deletions(-)
 create mode 100644 scratch/check_matching_stats.js
 create mode 100644 scratch/inspect_faturamento_columns.js
 create mode 100644 scratch/run_integration_tests.ts
 create mode 100644 scratch/test_exact_query.js
 create mode 100644 scratch/verify_atividade_comercial.js
 create mode 100644 scratch/verify_auto_associacao_flow.js
 create mode 100644 scratch/verify_canal_filter.js
 create mode 100644 scratch/verify_db_setup.js
 create mode 100644 src/lib/associacao/autoAssociacaoService.ts
 create mode 100644 src/lib/associacao/clienteMatching.ts
 create mode 100644 src/lib/associacao/motorResponsavel.ts
 create mode 100644 src/lib/associacao/scoreConfianca.ts
 create mode 100644 supabase/migrations/20260719_clientes_auto_association.sql
 create mode 100644 supabase/migrations/20260720_clientes_atividade_comercial.sql
error: RPC failed; curl 56 Recv failure: Operation timed out
send-pack: unexpected disconnect while reading sideband packet
fatal: the remote end hung up unexpectedly
Everything up-to-date
[20/07/2026 02:02] ❌ Erro ao enviar para o GitHub. Verifique a conexão.
[main 7d9e4ed] auto-save: 20/07/2026 11:38
 5 files changed, 8289 insertions(+), 44 deletions(-)
 delete mode 100644 scratch/test_exact_query.js
To https://github.com/ccarlos1981/coffee_mais.git
   a2450d8..7d9e4ed  main -> main
[20/07/2026 11:38] ✅ Alterações enviadas com sucesso para o GitHub.
[main 6983b73] auto-save: 20/07/2026 15:16
 2 files changed, 7 insertions(+), 1 deletion(-)
To https://github.com/ccarlos1981/coffee_mais.git
   7d9e4ed..6983b73  main -> main
[20/07/2026 15:16] ✅ Alterações enviadas com sucesso para o GitHub.
