Error fetching page for sales_v2: TypeError: fetch failed
Error fetching page for cm_faturamento_sankhya: TypeError: fetch failed
Error fetching page for cm_faturamento_sankhya: TypeError: fetch failed
Error fetching page for targets: TypeError: fetch failed
Error fetching page for business_days: TypeError: fetch failed
Error fetching page for network_matrix: TypeError: fetch failed
Error fetching page for cm_clientes: TypeError: fetch failed
Error fetching page for base_atendimento: TypeError: fetch failed
Error fetching page for sales_v2: TypeError: fetch failed
Error fetching page for cm_faturamento_sankhya: TypeError: fetch failed
Error fetching page for cm_faturamento_sankhya: TypeError: terminated
Error fetching page for targets: TypeError: fetch failed
Error fetching page for business_days: TypeError: fetch failed
Error fetching page for cm_faturamento_sankhya: TypeError: terminated
Error fetching page for targets: TypeError: fetch failed
Error fetching page for cm_faturamento_sankhya: TypeError: terminated
Error fetching page for targets: TypeError: fetch failed
Error fetching page for business_days: TypeError: fetch failed
Error fetching page for cm_faturamento_sankhya: TypeError: terminated
Error fetching page for cm_faturamento_sankhya: TypeError: terminated
Error fetching page for targets: TypeError: fetch failed
Error fetching page for business_days: TypeError: fetch failed
Error fetching page for network_matrix: TypeError: fetch failed
Error fetching page for cm_clientes: TypeError: fetch failed
Error fetching page for base_atendimento: TypeError: fetch failed
Error fetching page for sales_v2: TypeError: fetch failed
Error fetching page for cm_faturamento_sankhya: TypeError: fetch failed
Error fetching page for targets: TypeError: fetch failed
Error fetching page for business_days: TypeError: fetch failed
Error fetching page for network_matrix: TypeError: fetch failed
Error fetching page for cm_clientes: TypeError: fetch failed
Error fetching page for base_atendimento: TypeError: fetch failed
Error fetching page for sales_v2: TypeError: fetch failed
Error fetching page for cm_faturamento_sankhya: TypeError: fetch failed
Error fetching page for targets: TypeError: fetch failed
Error fetching page for business_days: TypeError: fetch failed
Error fetching page for network_matrix: TypeError: fetch failed
Error fetching page for cm_clientes: TypeError: fetch failed
Error fetching page for base_atendimento: TypeError: fetch failed
Error fetching page for cm_faturamento_sankhya: TypeError: terminated
Error fetching page for cm_faturamento_sankhya: TypeError: terminated
Error fetching page for targets: TypeError: fetch failed
Error fetching page for business_days: TypeError: fetch failed
Error fetching page for network_matrix: TypeError: fetch failed
Error fetching page for cm_clientes: TypeError: fetch failed
Error fetching page for base_atendimento: TypeError: fetch failed
Error fetching page for sales_v2: TypeError: fetch failed
Error fetching page for cm_faturamento_sankhya: TypeError: fetch failed
Error fetching page for targets: TypeError: fetch failed
Error fetching page for business_days: TypeError: fetch failed
Error fetching page for network_matrix: TypeError: fetch failed
Error fetching page for cm_clientes: TypeError: fetch failed
Error fetching page for base_atendimento: TypeError: fetch failed
Error fetching page for sales_v2: TypeError: fetch failed
Error fetching page for cm_faturamento_sankhya: TypeError: fetch failed
Error fetching page for targets: TypeError: fetch failed
Error fetching page for business_days: TypeError: fetch failed
Error fetching page for network_matrix: TypeError: fetch failed
Error fetching page for cm_clientes: TypeError: fetch failed
Error fetching page for base_atendimento: TypeError: fetch failed
Error fetching page for sales_v2: TypeError: fetch failed
Error fetching page for cm_faturamento_sankhya: TypeError: fetch failed
Error fetching page for sales_v2: TypeError: terminated
Error fetching page for cm_faturamento_sankhya: TypeError: terminated
Error fetching page for cm_faturamento_sankhya: TypeError: fetch failed
Error fetching page for cm_faturamento_sankhya: TypeError: fetch failed
Error fetching page for cm_faturamento_sankhya: TypeError: fetch failed
Error fetching page for sales_v2: TypeError: terminated
Error fetching page for cm_faturamento_sankhya: TypeError: fetch failed
Error fetching page for cm_faturamento_sankhya: TypeError: terminated
Error fetching page for cm_faturamento_sankhya: TypeError: fetch failed
Error fetching page for sales_v2: TypeError: terminated
Error fetching page for cm_faturamento_sankhya: TypeError: terminated
Error fetching page for targets: TypeError: fetch failed
Error fetching page for cm_faturamento_sankhya: TypeError: terminated
Error fetching page for cm_faturamento_sankhya: TypeError: terminated
Error fetching page for cm_faturamento_sankhya: TypeError: terminated
Error fetching page for cm_faturamento_sankhya: TypeError: fetch failed
node:fs:1349
  const result = binding.mkdir(
                         ^

Error: ENOSPC: no space left on device, mkdir '/Users/cristiano/Projetos/Coffe Mais/backup_2026-08-05'
    at Object.mkdirSync (node:fs:1349:26)
    at Object.<anonymous> (/Users/cristiano/Projetos/Coffe Mais/scripts/backup_db.js:18:6)
    at Module._compile (node:internal/modules/cjs/loader:1812:14)
    at Object..js (node:internal/modules/cjs/loader:1943:10)
    at Module.load (node:internal/modules/cjs/loader:1533:32)
    at Module._load (node:internal/modules/cjs/loader:1335:12)
    at wrapModuleLoad (node:internal/modules/cjs/loader:255:19)
    at Module.executeUserEntryPoint [as runMain] (node:internal/modules/run_main:154:5)
    at node:internal/main/run_main_module:33:47 {
  errno: -28,
  code: 'ENOSPC',
  syscall: 'mkdir',
  path: '/Users/cristiano/Projetos/Coffe Mais/backup_2026-08-05'
}

Node.js v24.14.1
Error fetching page for targets: TypeError: fetch failed
Error fetching page for targets: TypeError: fetch failed
Error fetching page for business_days: TypeError: fetch failed
Error fetching page for network_matrix: TypeError: fetch failed
Error fetching page for cm_clientes: TypeError: fetch failed
Error fetching page for base_atendimento: TypeError: fetch failed
Error fetching page for sales_v2: TypeError: fetch failed
Error fetching page for cm_faturamento_sankhya: TypeError: fetch failed
Error fetching page for cm_clientes: TypeError: terminated
Error fetching page for sales_v2: TypeError: terminated
Error fetching page for cm_faturamento_sankhya: TypeError: terminated
